V3 21
FL "/home/erid/Documents/Xilinx Projects/Test/clkDivider.vhd" 2019/06/07.10:03:57 P.20131013
EN work/clkDivider 1559916693 \
      FL "/home/erid/Documents/Xilinx Projects/Test/clkDivider.vhd" \
      PB ieee/std_logic_1164 1381692176
AR work/clkDivider/Behavioral 1559916694 \
      FL "/home/erid/Documents/Xilinx Projects/Test/clkDivider.vhd" \
      EN work/clkDivider 1559916693
FL "/home/erid/Documents/Xilinx Projects/Test/clockdivider.vhd" 2019/06/03.10:39:46 P.20131013
EN work/clockdivider 1559572790 \
      FL "/home/erid/Documents/Xilinx Projects/Test/clockdivider.vhd" \
      PB ieee/std_logic_1164 1381692176 PB ieee/NUMERIC_STD 1381692181
AR work/clockdivider/Behavioral 1559572791 \
      FL "/home/erid/Documents/Xilinx Projects/Test/clockdivider.vhd" \
      EN work/clockdivider 1559572790
FL "/home/erid/Documents/Xilinx Projects/Test/counter.vhd" 2019/06/07.10:11:29 P.20131013
EN work/counter 1559916695 \
      FL "/home/erid/Documents/Xilinx Projects/Test/counter.vhd" \
      PB ieee/std_logic_1164 1381692176 PB ieee/NUMERIC_STD 1381692181
AR work/counter/Behavioral 1559916696 \
      FL "/home/erid/Documents/Xilinx Projects/Test/counter.vhd" EN work/counter 1559916695
FL "/home/erid/Documents/Xilinx Projects/Test/gatetest.vhd" 2019/05/18.18:26:03 P.20131013
EN work/gatetest 1558218367 \
      FL "/home/erid/Documents/Xilinx Projects/Test/gatetest.vhd" \
      PB ieee/std_logic_1164 1381692176
AR work/gatetest/dataflow 1558218368 \
      FL "/home/erid/Documents/Xilinx Projects/Test/gatetest.vhd" \
      EN work/gatetest 1558218367
FL "/home/erid/Documents/Xilinx Projects/Test/top.vhf" 2019/06/03.15:39:06 P.20131013
EN work/top 1559916697 FL "/home/erid/Documents/Xilinx Projects/Test/top.vhf" \
      PB ieee/std_logic_1164 1381692176 PB ieee/NUMERIC_STD 1381692181 LB UNISIM \
      PH unisim/VCOMPONENTS 1381692182
AR work/top/BEHAVIORAL 1559916698 \
      FL "/home/erid/Documents/Xilinx Projects/Test/top.vhf" EN work/top 1559916697 \
      CP clkDivider CP counter
FL "/home/erid/Documents/Xilinx Projects/Test/toptest.vhd" 2019/05/21.21:16:25 P.20131013
EN work/toptest 1558487789 \
      FL "/home/erid/Documents/Xilinx Projects/Test/toptest.vhd" \
      PB ieee/std_logic_1164 1381692176
AR work/toptest/Behavioral 1558487790 \
      FL "/home/erid/Documents/Xilinx Projects/Test/toptest.vhd" EN work/toptest 1558487789
