V3 10
FL /home/erid/Documents/GitHub/Xilinx-Projects/FlipFlops/flipflopD.vhd 2019/06/21.08:58:01 P.20131013
EN work/flipflopDasync 1561121883 \
      FL /home/erid/Documents/GitHub/Xilinx-Projects/FlipFlops/flipflopD.vhd \
      PB ieee/std_logic_1164 1381692176
AR work/flipflopDasync/Behavioral 1561121884 \
      FL /home/erid/Documents/GitHub/Xilinx-Projects/FlipFlops/flipflopD.vhd \
      EN work/flipflopDasync 1561121883
FL /home/erid/Documents/GitHub/Xilinx-Projects/FlipFlops/flipflopJKasync.vhd 2019/06/21.09:13:51 P.20131013
EN work/flipflopJKasync 1561122834 \
      FL /home/erid/Documents/GitHub/Xilinx-Projects/FlipFlops/flipflopJKasync.vhd \
      PB ieee/std_logic_1164 1381692176
AR work/flipflopJKasync/Behavioral 1561122835 \
      FL /home/erid/Documents/GitHub/Xilinx-Projects/FlipFlops/flipflopJKasync.vhd \
      EN work/flipflopJKasync 1561122834
FL /home/erid/Documents/GitHub/Xilinx-Projects/FlipFlops/flipflopTasync.vhd 2019/06/21.08:59:58 P.20131013
EN work/flipflopTasync 1561122001 \
      FL /home/erid/Documents/GitHub/Xilinx-Projects/FlipFlops/flipflopTasync.vhd \
      PB ieee/std_logic_1164 1381692176
AR work/flipflopTasync/Behavioral 1561122002 \
      FL /home/erid/Documents/GitHub/Xilinx-Projects/FlipFlops/flipflopTasync.vhd \
      EN work/flipflopTasync 1561122001
