AR shiftreg4bitin16bitout behavioral "/home/erid/Documents/GitHub/Xilinx-Projects/sevenSegTest 2/ShiftReg4bitIN16bitOUT.vhd" sub00/vhpl19 1562695532
AR clk1hz behavioral "/home/erid/Documents/GitHub/Xilinx-Projects/sevenSegTest 2/clk1hz.vhd" sub00/vhpl03 1562787249
AR clkdivider behavioral "/home/erid/Documents/GitHub/Xilinx-Projects/sevenSegTest 2/clkDivider.vhd" sub00/vhpl05 1562787245
EN traductor4bit NULL "/home/erid/Documents/GitHub/Xilinx-Projects/sevenSegTest 2/traductor4bit.vhd" sub00/vhpl20 1562787242
EN keyboard NULL "/home/erid/Documents/GitHub/Xilinx-Projects/sevenSegTest 2/keyboard.vhf" sub00/vhpl24 1562787260
AR bcdcounter behavioral "/home/erid/Documents/GitHub/Xilinx-Projects/sevenSegTest 2/BCDcounter.vhd" sub00/vhpl11 1562787255
AR muxconcontsel_16a4 behavioral "/home/erid/Documents/GitHub/Xilinx-Projects/sevenSegTest 2/MuxConContSel_16a4.vhd" sub00/vhpl13 1562787251
EN shiftreg4bitin16bitout NULL "/home/erid/Documents/GitHub/Xilinx-Projects/sevenSegTest 2/ShiftReg4bitIN16bitOUT.vhd" sub00/vhpl18 1562695531
AR ftc_mxilinx_top behavioral "/home/erid/Documents/GitHub/Xilinx-Projects/sevenSegTest 2/top.vhf" sub00/vhpl15 1561937778
MO key44 NULL key44.v vlg15/key44.bin 1562787242
EN reg16bitsipo NULL "/home/erid/Documents/GitHub/Xilinx-Projects/sevenSegTest 2/reg16bitSIPO.vhd" sub00/vhpl26 1562787252
EN clkdivider NULL "/home/erid/Documents/GitHub/Xilinx-Projects/sevenSegTest 2/clkDivider.vhd" sub00/vhpl04 1562787244
AR reg16bitsipo behavioral "/home/erid/Documents/GitHub/Xilinx-Projects/sevenSegTest 2/reg16bitSIPO.vhd" sub00/vhpl27 1562787253
AR keyboard_muser_top behavioral "/home/erid/Documents/GitHub/Xilinx-Projects/sevenSegTest 2/top.vhf" sub00/vhpl23 1562787257
EN sevensegdisp NULL "/home/erid/Documents/GitHub/Xilinx-Projects/sevenSegTest 2/sevenSegDisp.vhd" sub00/vhpl06 1562787246
AR keyboard behavioral "/home/erid/Documents/GitHub/Xilinx-Projects/sevenSegTest 2/keyboard.vhf" sub00/vhpl25 1562787261
EN bcdcounter NULL "/home/erid/Documents/GitHub/Xilinx-Projects/sevenSegTest 2/BCDcounter.vhd" sub00/vhpl10 1562787254
EN top NULL "/home/erid/Documents/GitHub/Xilinx-Projects/sevenSegTest 2/top.vhf" sub00/vhpl08 1562787258
EN keyboard_muser_top NULL "/home/erid/Documents/GitHub/Xilinx-Projects/sevenSegTest 2/top.vhf" sub00/vhpl22 1562787256
EN muxconcontsel_16a4 NULL "/home/erid/Documents/GitHub/Xilinx-Projects/sevenSegTest 2/MuxConContSel_16a4.vhd" sub00/vhpl12 1562787250
EN ftc_mxilinx_top NULL "/home/erid/Documents/GitHub/Xilinx-Projects/sevenSegTest 2/top.vhf" sub00/vhpl14 1561937777
EN clk1hz NULL "/home/erid/Documents/GitHub/Xilinx-Projects/sevenSegTest 2/clk1hz.vhd" sub00/vhpl02 1562787248
EN upcounter16bit NULL "/home/erid/Documents/GitHub/Xilinx-Projects/sevenSegTest 2/upcounter16bit.vhd" sub00/vhpl00 1561728289
AR upcounter16bit behavioral "/home/erid/Documents/GitHub/Xilinx-Projects/sevenSegTest 2/upcounter16bit.vhd" sub00/vhpl01 1561728290
EN flexiblecounter NULL "/home/erid/Documents/GitHub/Xilinx-Projects/sevenSegTest 2/FlexibleCounter.vhd" sub00/vhpl16 1562182589
AR traductor4bit behavioral "/home/erid/Documents/GitHub/Xilinx-Projects/sevenSegTest 2/traductor4bit.vhd" sub00/vhpl21 1562787243
AR flexiblecounter behavioral "/home/erid/Documents/GitHub/Xilinx-Projects/sevenSegTest 2/FlexibleCounter.vhd" sub00/vhpl17 1562182590
AR sevensegdisp behavioral "/home/erid/Documents/GitHub/Xilinx-Projects/sevenSegTest 2/sevenSegDisp.vhd" sub00/vhpl07 1562787247
AR top behavioral "/home/erid/Documents/GitHub/Xilinx-Projects/sevenSegTest 2/top.vhf" sub00/vhpl09 1562787259
