AR clockdivider behavioral "/home/erid/Documents/Xilinx Projects/Test/clockdivider.vhd" sub00/vhpl05 1559572791
AR counter behavioral "/home/erid/Documents/Xilinx Projects/Test/counter.vhd" sub00/vhpl09 1559916696
AR clkdivider behavioral "/home/erid/Documents/Xilinx Projects/Test/clkDivider.vhd" sub00/vhpl07 1559916694
AR gatetest dataflow "/home/erid/Documents/Xilinx Projects/Test/gatetest.vhd" sub00/vhpl01 1558218368
EN clkdivider NULL "/home/erid/Documents/Xilinx Projects/Test/clkDivider.vhd" sub00/vhpl06 1559916693
EN button NULL /home/erid/Documents/GitHub/Xilinx-Projects/Test/button.vhd sub00/vhpl12 1562184126
AR button behavioral /home/erid/Documents/GitHub/Xilinx-Projects/Test/button.vhd sub00/vhpl13 1562184127
EN top NULL "/home/erid/Documents/Xilinx Projects/Test/top.vhf" sub00/vhpl10 1559916697
EN counter NULL "/home/erid/Documents/Xilinx Projects/Test/counter.vhd" sub00/vhpl08 1559916695
EN clockdivider NULL "/home/erid/Documents/Xilinx Projects/Test/clockdivider.vhd" sub00/vhpl04 1559572790
EN gatetest NULL "/home/erid/Documents/Xilinx Projects/Test/gatetest.vhd" sub00/vhpl00 1558218367
AR toptest behavioral "/home/erid/Documents/Xilinx Projects/Test/toptest.vhd" sub00/vhpl03 1558487790
AR top behavioral "/home/erid/Documents/Xilinx Projects/Test/top.vhf" sub00/vhpl11 1559916698
EN toptest NULL "/home/erid/Documents/Xilinx Projects/Test/toptest.vhd" sub00/vhpl02 1558487789
