Release 14.7 - xst P.20131013 (lin64)
Copyright (c) 1995-2013 Xilinx, Inc.  All rights reserved.
--> 
Parameter TMPDIR set to xst/projnav.tmp


Total REAL time to Xst completion: 0.00 secs
Total CPU time to Xst completion: 0.06 secs
 
--> 
Parameter xsthdpdir set to xst


Total REAL time to Xst completion: 0.00 secs
Total CPU time to Xst completion: 0.06 secs
 
--> 
Reading design: top.prj

TABLE OF CONTENTS
  1) Synthesis Options Summary
  2) HDL Compilation
  3) Design Hierarchy Analysis
  4) HDL Analysis
  5) HDL Synthesis
     5.1) HDL Synthesis Report
  6) Advanced HDL Synthesis
     6.1) Advanced HDL Synthesis Report
  7) Low Level Synthesis
  8) Partition Report
  9) Final Report
	9.1) Device utilization summary
	9.2) Partition Resource Summary
	9.3) TIMING REPORT


=========================================================================
*                      Synthesis Options Summary                        *
=========================================================================
---- Source Parameters
Input File Name                    : "top.prj"
Input Format                       : mixed
Ignore Synthesis Constraint File   : NO

---- Target Parameters
Output File Name                   : "top"
Output Format                      : NGC
Target Device                      : xc3s500e-5-pq208

---- Source Options
Top Module Name                    : top
Automatic FSM Extraction           : YES
FSM Encoding Algorithm             : Auto
Safe Implementation                : No
FSM Style                          : LUT
RAM Extraction                     : Yes
RAM Style                          : Auto
ROM Extraction                     : Yes
Mux Style                          : Auto
Decoder Extraction                 : YES
Priority Encoder Extraction        : Yes
Shift Register Extraction          : YES
Logical Shifter Extraction         : YES
XOR Collapsing                     : YES
ROM Style                          : Auto
Mux Extraction                     : Yes
Resource Sharing                   : YES
Asynchronous To Synchronous        : NO
Multiplier Style                   : Auto
Automatic Register Balancing       : No

---- Target Options
Add IO Buffers                     : YES
Global Maximum Fanout              : 100000
Add Generic Clock Buffer(BUFG)     : 24
Register Duplication               : YES
Slice Packing                      : YES
Optimize Instantiated Primitives   : NO
Use Clock Enable                   : Yes
Use Synchronous Set                : Yes
Use Synchronous Reset              : Yes
Pack IO Registers into IOBs        : Auto
Equivalent register Removal        : YES

---- General Options
Optimization Goal                  : Speed
Optimization Effort                : 1
Keep Hierarchy                     : No
Netlist Hierarchy                  : As_Optimized
RTL Output                         : Yes
Global Optimization                : AllClockNets
Read Cores                         : YES
Write Timing Constraints           : NO
Cross Clock Analysis               : NO
Hierarchy Separator                : /
Bus Delimiter                      : <>
Case Specifier                     : Maintain
Slice Utilization Ratio            : 100
BRAM Utilization Ratio             : 100
Verilog 2001                       : YES
Auto BRAM Packing                  : NO
Slice Utilization Ratio Delta      : 5

=========================================================================


=========================================================================
*                          HDL Compilation                              *
=========================================================================
Compiling vhdl file "/home/erid/Documents/GitHub/Xilinx-Projects/sevenSegTest/clkDivider.vhd" in Library work.
Architecture behavioral of Entity clkdivider is up to date.
Compiling vhdl file "/home/erid/Documents/GitHub/Xilinx-Projects/sevenSegTest/sevenSegDisp.vhd" in Library work.
Architecture behavioral of Entity sevensegdisp is up to date.
Compiling vhdl file "/home/erid/Documents/GitHub/Xilinx-Projects/sevenSegTest/clk1hz.vhd" in Library work.
Architecture behavioral of Entity clk1hz is up to date.
Compiling vhdl file "/home/erid/Documents/GitHub/Xilinx-Projects/sevenSegTest/BCDcounter.vhd" in Library work.
Architecture behavioral of Entity bcdcounter is up to date.
Compiling vhdl file "/home/erid/Documents/GitHub/Xilinx-Projects/sevenSegTest/top.vhf" in Library work.
Entity <top> compiled.
Entity <top> (Architecture <behavioral>) compiled.

=========================================================================
*                     Design Hierarchy Analysis                         *
=========================================================================
Analyzing hierarchy for entity <top> in library <work> (architecture <behavioral>).

Analyzing hierarchy for entity <clkDivider> in library <work> (architecture <behavioral>).

Analyzing hierarchy for entity <sevenSegDisp> in library <work> (architecture <behavioral>).

Analyzing hierarchy for entity <clk1hz> in library <work> (architecture <behavioral>).

Analyzing hierarchy for entity <BCDcounter> in library <work> (architecture <behavioral>).


=========================================================================
*                            HDL Analysis                               *
=========================================================================
Analyzing Entity <top> in library <work> (Architecture <behavioral>).
WARNING:Xst:753 - "/home/erid/Documents/GitHub/Xilinx-Projects/sevenSegTest/top.vhf" line 101: Unconnected output port 'carry_out' of component 'BCDcounter'.
Entity <top> analyzed. Unit <top> generated.

Analyzing Entity <clkDivider> in library <work> (Architecture <behavioral>).
Entity <clkDivider> analyzed. Unit <clkDivider> generated.

Analyzing Entity <sevenSegDisp> in library <work> (Architecture <behavioral>).
INFO:Xst:1561 - "/home/erid/Documents/GitHub/Xilinx-Projects/sevenSegTest/sevenSegDisp.vhd" line 63: Mux is complete : default of case is discarded
INFO:Xst:1561 - "/home/erid/Documents/GitHub/Xilinx-Projects/sevenSegTest/sevenSegDisp.vhd" line 77: Mux is complete : default of case is discarded
Entity <sevenSegDisp> analyzed. Unit <sevenSegDisp> generated.

Analyzing Entity <clk1hz> in library <work> (Architecture <behavioral>).
Entity <clk1hz> analyzed. Unit <clk1hz> generated.

Analyzing Entity <BCDcounter> in library <work> (Architecture <behavioral>).
WARNING:Xst:819 - "/home/erid/Documents/GitHub/Xilinx-Projects/sevenSegTest/BCDcounter.vhd" line 48: One or more signals are missing in the process sensitivity list. To enable synthesis of FPGA/CPLD hardware, XST will assume that all necessary signals are present in the sensitivity list. Please note that the result of the synthesis may differ from the initial design specification. The missing signals are:
   <reset>, <loadenb>, <load_in>, <clkenb>
Entity <BCDcounter> analyzed. Unit <BCDcounter> generated.


=========================================================================
*                           HDL Synthesis                               *
=========================================================================

Performing bidirectional port resolution...

Synthesizing Unit <clkDivider>.
    Related source file is "/home/erid/Documents/GitHub/Xilinx-Projects/sevenSegTest/clkDivider.vhd".
    Found 32-bit up counter for signal <count>.
    Found 1-bit register for signal <tmp>.
    Summary:
	inferred   1 Counter(s).
	inferred   1 D-type flip-flop(s).
Unit <clkDivider> synthesized.


Synthesizing Unit <sevenSegDisp>.
    Related source file is "/home/erid/Documents/GitHub/Xilinx-Projects/sevenSegTest/sevenSegDisp.vhd".
    Found 16x8-bit ROM for signal <led>.
    Found 1-of-4 decoder for signal <digitSelect>.
    Found 2-bit up counter for signal <tmp>.
    Summary:
	inferred   1 ROM(s).
	inferred   1 Counter(s).
	inferred   1 Decoder(s).
Unit <sevenSegDisp> synthesized.


Synthesizing Unit <clk1hz>.
    Related source file is "/home/erid/Documents/GitHub/Xilinx-Projects/sevenSegTest/clk1hz.vhd".
    Found 32-bit up counter for signal <count>.
    Found 1-bit register for signal <tmp>.
    Summary:
	inferred   1 Counter(s).
	inferred   1 D-type flip-flop(s).
Unit <clk1hz> synthesized.


Synthesizing Unit <BCDcounter>.
    Related source file is "/home/erid/Documents/GitHub/Xilinx-Projects/sevenSegTest/BCDcounter.vhd".
    Found 1-bit register for signal <carry_out>.
    Found 4-bit register for signal <tmp>.
    Found 4-bit addsub for signal <tmp$share0000>.
    Summary:
	inferred   1 D-type flip-flop(s).
	inferred   1 Adder/Subtractor(s).
Unit <BCDcounter> synthesized.


Synthesizing Unit <top>.
    Related source file is "/home/erid/Documents/GitHub/Xilinx-Projects/sevenSegTest/top.vhf".
WARNING:Xst:653 - Signal <XLXI_4_loadenb_openSignal> is used but never assigned. This sourceless signal will be automatically connected to value 0.
WARNING:Xst:653 - Signal <XLXI_4_load_in_openSignal> is used but never assigned. This sourceless signal will be automatically connected to value 0000.
WARNING:Xst:653 - Signal <XLXI_3_reset_openSignal> is used but never assigned. This sourceless signal will be automatically connected to value 0.
Unit <top> synthesized.

INFO:Xst:1767 - HDL ADVISOR - Resource sharing has identified that some arithmetic operations in this design can share the same physical resources for reduced device utilization. For improved clock frequency you may try to disable resource sharing.

=========================================================================
HDL Synthesis Report

Macro Statistics
# ROMs                                                 : 1
 16x8-bit ROM                                          : 1
# Adders/Subtractors                                   : 1
 4-bit addsub                                          : 1
# Counters                                             : 3
 2-bit up counter                                      : 1
 32-bit up counter                                     : 2
# Registers                                            : 4
 1-bit register                                        : 3
 4-bit register                                        : 1
# Decoders                                             : 1
 1-of-4 decoder                                        : 1

=========================================================================

=========================================================================
*                       Advanced HDL Synthesis                          *
=========================================================================


=========================================================================
Advanced HDL Synthesis Report

Macro Statistics
# ROMs                                                 : 1
 16x8-bit ROM                                          : 1
# Adders/Subtractors                                   : 1
 4-bit addsub                                          : 1
# Counters                                             : 3
 2-bit up counter                                      : 1
 32-bit up counter                                     : 2
# Registers                                            : 3
 Flip-Flops                                            : 3
# Decoders                                             : 1
 1-of-4 decoder                                        : 1

=========================================================================

=========================================================================
*                         Low Level Synthesis                           *
=========================================================================

Optimizing unit <top> ...

Optimizing unit <BCDcounter> ...
WARNING:Xst:1293 - FF/Latch <XLXI_4/tmp_3> has a constant value of 0 in block <top>. This FF/Latch will be trimmed during the optimization process.
WARNING:Xst:1293 - FF/Latch <XLXI_4/tmp_2> has a constant value of 0 in block <top>. This FF/Latch will be trimmed during the optimization process.
WARNING:Xst:1293 - FF/Latch <XLXI_4/tmp_1> has a constant value of 0 in block <top>. This FF/Latch will be trimmed during the optimization process.
WARNING:Xst:1293 - FF/Latch <XLXI_4/tmp_0> has a constant value of 0 in block <top>. This FF/Latch will be trimmed during the optimization process.
WARNING:Xst:2677 - Node <XLXI_4/carry_out> of sequential type is unconnected in block <top>.
WARNING:Xst:2677 - Node <XLXI_3/tmp> of sequential type is unconnected in block <top>.
WARNING:Xst:2677 - Node <XLXI_3/count_0> of sequential type is unconnected in block <top>.
WARNING:Xst:2677 - Node <XLXI_3/count_1> of sequential type is unconnected in block <top>.
WARNING:Xst:2677 - Node <XLXI_3/count_2> of sequential type is unconnected in block <top>.
WARNING:Xst:2677 - Node <XLXI_3/count_3> of sequential type is unconnected in block <top>.
WARNING:Xst:2677 - Node <XLXI_3/count_4> of sequential type is unconnected in block <top>.
WARNING:Xst:2677 - Node <XLXI_3/count_7> of sequential type is unconnected in block <top>.
WARNING:Xst:2677 - Node <XLXI_3/count_5> of sequential type is unconnected in block <top>.
WARNING:Xst:2677 - Node <XLXI_3/count_6> of sequential type is unconnected in block <top>.
WARNING:Xst:2677 - Node <XLXI_3/count_8> of sequential type is unconnected in block <top>.
WARNING:Xst:2677 - Node <XLXI_3/count_9> of sequential type is unconnected in block <top>.
WARNING:Xst:2677 - Node <XLXI_3/count_10> of sequential type is unconnected in block <top>.
WARNING:Xst:2677 - Node <XLXI_3/count_11> of sequential type is unconnected in block <top>.
WARNING:Xst:2677 - Node <XLXI_3/count_12> of sequential type is unconnected in block <top>.
WARNING:Xst:2677 - Node <XLXI_3/count_13> of sequential type is unconnected in block <top>.
WARNING:Xst:2677 - Node <XLXI_3/count_16> of sequential type is unconnected in block <top>.
WARNING:Xst:2677 - Node <XLXI_3/count_14> of sequential type is unconnected in block <top>.
WARNING:Xst:2677 - Node <XLXI_3/count_15> of sequential type is unconnected in block <top>.
WARNING:Xst:2677 - Node <XLXI_3/count_17> of sequential type is unconnected in block <top>.
WARNING:Xst:2677 - Node <XLXI_3/count_18> of sequential type is unconnected in block <top>.
WARNING:Xst:2677 - Node <XLXI_3/count_19> of sequential type is unconnected in block <top>.
WARNING:Xst:2677 - Node <XLXI_3/count_20> of sequential type is unconnected in block <top>.
WARNING:Xst:2677 - Node <XLXI_3/count_21> of sequential type is unconnected in block <top>.
WARNING:Xst:2677 - Node <XLXI_3/count_22> of sequential type is unconnected in block <top>.
WARNING:Xst:2677 - Node <XLXI_3/count_25> of sequential type is unconnected in block <top>.
WARNING:Xst:2677 - Node <XLXI_3/count_23> of sequential type is unconnected in block <top>.
WARNING:Xst:2677 - Node <XLXI_3/count_24> of sequential type is unconnected in block <top>.
WARNING:Xst:2677 - Node <XLXI_3/count_26> of sequential type is unconnected in block <top>.
WARNING:Xst:2677 - Node <XLXI_3/count_27> of sequential type is unconnected in block <top>.
WARNING:Xst:2677 - Node <XLXI_3/count_28> of sequential type is unconnected in block <top>.
WARNING:Xst:2677 - Node <XLXI_3/count_29> of sequential type is unconnected in block <top>.
WARNING:Xst:2677 - Node <XLXI_3/count_30> of sequential type is unconnected in block <top>.
WARNING:Xst:2677 - Node <XLXI_3/count_31> of sequential type is unconnected in block <top>.

Mapping all equations...
Building and optimizing final netlist ...
Found area constraint ratio of 100 (+ 5) on block top, actual ratio is 0.

Final Macro Processing ...

=========================================================================
Final Register Report

Macro Statistics
# Registers                                            : 35
 Flip-Flops                                            : 35

=========================================================================

=========================================================================
*                           Partition Report                            *
=========================================================================

Partition Implementation Status
-------------------------------

  No Partitions were found in this design.

-------------------------------

=========================================================================
*                            Final Report                               *
=========================================================================
Final Results
RTL Top Level Output File Name     : top.ngr
Top Level Output File Name         : top
Output Format                      : NGC
Optimization Goal                  : Speed
Keep Hierarchy                     : No

Design Statistics
# IOs                              : 14

Cell Usage :
# BELS                             : 152
#      GND                         : 1
#      INV                         : 3
#      LUT1                        : 31
#      LUT2                        : 37
#      LUT4                        : 8
#      MUXCY                       : 39
#      VCC                         : 1
#      XORCY                       : 32
# FlipFlops/Latches                : 35
#      FD                          : 1
#      FDC                         : 31
#      FDCE                        : 1
#      FDP                         : 1
#      FDR                         : 1
# Clock Buffers                    : 1
#      BUFGP                       : 1
# IO Buffers                       : 13
#      IBUF                        : 1
#      OBUF                        : 12
=========================================================================

Device utilization summary:
---------------------------

Selected Device : 3s500epq208-5 

 Number of Slices:                       41  out of   4656     0%  
 Number of Slice Flip Flops:             35  out of   9312     0%  
 Number of 4 input LUTs:                 79  out of   9312     0%  
 Number of IOs:                          14
 Number of bonded IOBs:                  14  out of    158     8%  
 Number of GCLKs:                         1  out of     24     4%  

---------------------------
Partition Resource Summary:
---------------------------

  No Partitions were found in this design.

---------------------------


=========================================================================
TIMING REPORT

NOTE: THESE TIMING NUMBERS ARE ONLY A SYNTHESIS ESTIMATE.
      FOR ACCURATE TIMING INFORMATION PLEASE REFER TO THE TRACE REPORT
      GENERATED AFTER PLACE-and-ROUTE.

Clock Information:
------------------
-----------------------------------+------------------------+-------+
Clock Signal                       | Clock buffer(FF name)  | Load  |
-----------------------------------+------------------------+-------+
clk                                | BUFGP                  | 33    |
XLXI_1/tmp                         | NONE(XLXI_2/tmp_1)     | 2     |
-----------------------------------+------------------------+-------+
INFO:Xst:2169 - HDL ADVISOR - Some clock signals were not automatically buffered by XST with BUFG/BUFR resources. Please use the buffer_type constraint in order to insert these buffers to the clock signals to help prevent skew problems.

Asynchronous Control Signals Information:
----------------------------------------
-------------------------------------------+------------------------+-------+
Control Signal                             | Buffer(FF name)        | Load  |
-------------------------------------------+------------------------+-------+
XLXI_1/reset_inv(XLXI_1/reset_inv1_INV_0:O)| NONE(XLXI_1/count_0)   | 33    |
-------------------------------------------+------------------------+-------+

Timing Summary:
---------------
Speed Grade: -5

   Minimum period: 5.560ns (Maximum Frequency: 179.841MHz)
   Minimum input arrival time before clock: No path found
   Maximum output required time after clock: 5.373ns
   Maximum combinational path delay: No path found

Timing Detail:
--------------
All values displayed in nanoseconds (ns)

=========================================================================
Timing constraint: Default period analysis for Clock 'clk'
  Clock period: 5.560ns (frequency: 179.841MHz)
  Total number of paths / destination ports: 1585 / 34
-------------------------------------------------------------------------
Delay:               5.560ns (Levels of Logic = 33)
  Source:            XLXI_1/count_1 (FF)
  Destination:       XLXI_1/count_31 (FF)
  Source Clock:      clk rising
  Destination Clock: clk rising

  Data Path: XLXI_1/count_1 to XLXI_1/count_31
                                Gate     Net
    Cell:in->out      fanout   Delay   Delay  Logical Name (Net Name)
    ----------------------------------------  ------------
     FDC:C->Q              2   0.514   0.532  XLXI_1/count_1 (XLXI_1/count_1)
     LUT1:I0->O            1   0.612   0.000  XLXI_1/Mcount_count_cy<1>_rt (XLXI_1/Mcount_count_cy<1>_rt)
     MUXCY:S->O            1   0.404   0.000  XLXI_1/Mcount_count_cy<1> (XLXI_1/Mcount_count_cy<1>)
     MUXCY:CI->O           1   0.052   0.000  XLXI_1/Mcount_count_cy<2> (XLXI_1/Mcount_count_cy<2>)
     MUXCY:CI->O           1   0.052   0.000  XLXI_1/Mcount_count_cy<3> (XLXI_1/Mcount_count_cy<3>)
     MUXCY:CI->O           1   0.052   0.000  XLXI_1/Mcount_count_cy<4> (XLXI_1/Mcount_count_cy<4>)
     MUXCY:CI->O           1   0.052   0.000  XLXI_1/Mcount_count_cy<5> (XLXI_1/Mcount_count_cy<5>)
     MUXCY:CI->O           1   0.052   0.000  XLXI_1/Mcount_count_cy<6> (XLXI_1/Mcount_count_cy<6>)
     MUXCY:CI->O           1   0.052   0.000  XLXI_1/Mcount_count_cy<7> (XLXI_1/Mcount_count_cy<7>)
     MUXCY:CI->O           1   0.052   0.000  XLXI_1/Mcount_count_cy<8> (XLXI_1/Mcount_count_cy<8>)
     MUXCY:CI->O           1   0.052   0.000  XLXI_1/Mcount_count_cy<9> (XLXI_1/Mcount_count_cy<9>)
     MUXCY:CI->O           1   0.052   0.000  XLXI_1/Mcount_count_cy<10> (XLXI_1/Mcount_count_cy<10>)
     MUXCY:CI->O           1   0.052   0.000  XLXI_1/Mcount_count_cy<11> (XLXI_1/Mcount_count_cy<11>)
     MUXCY:CI->O           1   0.052   0.000  XLXI_1/Mcount_count_cy<12> (XLXI_1/Mcount_count_cy<12>)
     MUXCY:CI->O           1   0.052   0.000  XLXI_1/Mcount_count_cy<13> (XLXI_1/Mcount_count_cy<13>)
     MUXCY:CI->O           1   0.052   0.000  XLXI_1/Mcount_count_cy<14> (XLXI_1/Mcount_count_cy<14>)
     MUXCY:CI->O           1   0.052   0.000  XLXI_1/Mcount_count_cy<15> (XLXI_1/Mcount_count_cy<15>)
     MUXCY:CI->O           1   0.052   0.000  XLXI_1/Mcount_count_cy<16> (XLXI_1/Mcount_count_cy<16>)
     MUXCY:CI->O           1   0.052   0.000  XLXI_1/Mcount_count_cy<17> (XLXI_1/Mcount_count_cy<17>)
     MUXCY:CI->O           1   0.052   0.000  XLXI_1/Mcount_count_cy<18> (XLXI_1/Mcount_count_cy<18>)
     MUXCY:CI->O           1   0.052   0.000  XLXI_1/Mcount_count_cy<19> (XLXI_1/Mcount_count_cy<19>)
     MUXCY:CI->O           1   0.052   0.000  XLXI_1/Mcount_count_cy<20> (XLXI_1/Mcount_count_cy<20>)
     MUXCY:CI->O           1   0.052   0.000  XLXI_1/Mcount_count_cy<21> (XLXI_1/Mcount_count_cy<21>)
     MUXCY:CI->O           1   0.052   0.000  XLXI_1/Mcount_count_cy<22> (XLXI_1/Mcount_count_cy<22>)
     MUXCY:CI->O           1   0.052   0.000  XLXI_1/Mcount_count_cy<23> (XLXI_1/Mcount_count_cy<23>)
     MUXCY:CI->O           1   0.052   0.000  XLXI_1/Mcount_count_cy<24> (XLXI_1/Mcount_count_cy<24>)
     MUXCY:CI->O           1   0.052   0.000  XLXI_1/Mcount_count_cy<25> (XLXI_1/Mcount_count_cy<25>)
     MUXCY:CI->O           1   0.052   0.000  XLXI_1/Mcount_count_cy<26> (XLXI_1/Mcount_count_cy<26>)
     MUXCY:CI->O           1   0.052   0.000  XLXI_1/Mcount_count_cy<27> (XLXI_1/Mcount_count_cy<27>)
     MUXCY:CI->O           1   0.052   0.000  XLXI_1/Mcount_count_cy<28> (XLXI_1/Mcount_count_cy<28>)
     MUXCY:CI->O           1   0.052   0.000  XLXI_1/Mcount_count_cy<29> (XLXI_1/Mcount_count_cy<29>)
     MUXCY:CI->O           0   0.052   0.000  XLXI_1/Mcount_count_cy<30> (XLXI_1/Mcount_count_cy<30>)
     XORCY:CI->O           1   0.699   0.426  XLXI_1/Mcount_count_xor<31> (Result<31>)
     LUT2:I1->O            1   0.612   0.000  XLXI_1/Mcount_count_eqn_311 (XLXI_1/Mcount_count_eqn_31)
     FDC:D                     0.268          XLXI_1/count_31
    ----------------------------------------
    Total                      5.560ns (4.603ns logic, 0.958ns route)
                                       (82.8% logic, 17.2% route)

=========================================================================
Timing constraint: Default period analysis for Clock 'XLXI_1/tmp'
  Clock period: 2.084ns (frequency: 479.835MHz)
  Total number of paths / destination ports: 3 / 2
-------------------------------------------------------------------------
Delay:               2.084ns (Levels of Logic = 1)
  Source:            XLXI_2/tmp_1 (FF)
  Destination:       XLXI_2/tmp_1 (FF)
  Source Clock:      XLXI_1/tmp rising
  Destination Clock: XLXI_1/tmp rising

  Data Path: XLXI_2/tmp_1 to XLXI_2/tmp_1
                                Gate     Net
    Cell:in->out      fanout   Delay   Delay  Logical Name (Net Name)
    ----------------------------------------  ------------
     FD:C->Q               5   0.514   0.690  XLXI_2/tmp_1 (XLXI_2/tmp_1)
     LUT2:I0->O            1   0.612   0.000  XLXI_2/Mcount_tmp_xor<1>11 (Result<1>1)
     FD:D                      0.268          XLXI_2/tmp_1
    ----------------------------------------
    Total                      2.084ns (1.394ns logic, 0.690ns route)
                                       (66.9% logic, 33.1% route)

=========================================================================
Timing constraint: Default OFFSET OUT AFTER for Clock 'XLXI_1/tmp'
  Total number of paths / destination ports: 8 / 4
-------------------------------------------------------------------------
Offset:              5.373ns (Levels of Logic = 2)
  Source:            XLXI_2/tmp_0 (FF)
  Destination:       selector<3> (PAD)
  Source Clock:      XLXI_1/tmp rising

  Data Path: XLXI_2/tmp_0 to selector<3>
                                Gate     Net
    Cell:in->out      fanout   Delay   Delay  Logical Name (Net Name)
    ----------------------------------------  ------------
     FDR:C->Q              6   0.514   0.721  XLXI_2/tmp_0 (XLXI_2/tmp_0)
     LUT2:I0->O            1   0.612   0.357  XLXI_2/Mdecod_digitSelect31 (selector_3_OBUF)
     OBUF:I->O                 3.169          selector_3_OBUF (selector<3>)
    ----------------------------------------
    Total                      5.373ns (4.295ns logic, 1.078ns route)
                                       (79.9% logic, 20.1% route)

=========================================================================


Total REAL time to Xst completion: 5.00 secs
Total CPU time to Xst completion: 5.08 secs
 
--> 


Total memory usage is 534712 kilobytes

Number of errors   :    0 (   0 filtered)
Number of warnings :   43 (   0 filtered)
Number of infos    :    4 (   0 filtered)

